2025-10-02 08:41:36,283 - INFO - Loading and preprocessing data...
2025-10-02 08:41:36,443 - INFO - Loaded dataset with shape: (5300, 202)
2025-10-02 08:41:36,463 - INFO - Features shape: (5300, 201), Labels shape: (5300,)
2025-10-02 08:41:36,463 - INFO - Unique classes: [0 1]
2025-10-02 08:41:36,497 - INFO - Starting parallel experiments with 4 workers...
2025-10-02 08:41:36,497 - INFO - Starting experiments for lr
2025-10-02 08:41:36,504 - INFO - Starting experiments for knn
2025-10-02 08:41:36,504 - INFO - Starting experiments for nb
2025-10-02 08:41:36,507 - INFO - Starting experiments for dt
2025-10-02 08:41:48,316 - INFO - nb fold 0 > acc=0.609, est=0.628, cfg=OrderedDict({'var_smoothing': 7.038195949977948e-05})
2025-10-02 08:41:50,953 - INFO - nb fold 1 > acc=0.653, est=0.654, cfg=OrderedDict({'var_smoothing': 0.05106133530537277})
2025-10-02 08:41:53,472 - INFO - nb fold 2 > acc=0.618, est=0.644, cfg=OrderedDict({'var_smoothing': 0.05106133530537277})
2025-10-02 08:41:55,946 - INFO - nb fold 3 > acc=0.616, est=0.636, cfg=OrderedDict({'var_smoothing': 0.05106133530537277})
2025-10-02 08:41:58,473 - INFO - dt fold 0 > acc=0.691, est=0.683, cfg=OrderedDict({'criterion': 'entropy', 'max_depth': 6, 'max_features': 0.6416120797822377, 'min_samples_leaf': 4, 'min_samples_split': 4, 'random_state': 1, 'splitter': 'random'})
2025-10-02 08:41:59,082 - INFO - nb fold 4 > acc=0.605, est=0.637, cfg=OrderedDict({'var_smoothing': 0.05106133530537277})
2025-10-02 08:42:01,413 - INFO - nb fold 5 > acc=0.622, est=0.597, cfg=OrderedDict({'var_smoothing': 0.05106133530537277})
2025-10-02 08:42:04,897 - INFO - nb fold 6 > acc=0.694, est=0.675, cfg=OrderedDict({'var_smoothing': 0.05106133530537277})
2025-10-02 08:42:05,163 - INFO - lr fold 0 > acc=0.703, est=0.675, cfg=OrderedDict({'C': 15.766795169568434, 'fit_intercept': True, 'max_iter': 500, 'random_state': 1, 'solver': 'lbfgs'})
2025-10-02 08:42:08,861 - INFO - nb fold 7 > acc=0.600, est=0.635, cfg=OrderedDict({'var_smoothing': 0.05106133530537277})
2025-10-02 08:42:08,911 - INFO - dt fold 1 > acc=0.675, est=0.677, cfg=OrderedDict({'criterion': 'entropy', 'max_depth': 3, 'max_features': 0.7928811003072659, 'min_samples_leaf': 4, 'min_samples_split': 6, 'random_state': 1, 'splitter': 'random'})
2025-10-02 08:42:11,136 - INFO - nb fold 8 > acc=0.598, est=0.627, cfg=OrderedDict({'var_smoothing': 0.05106133530537277})
2025-10-02 08:42:13,385 - INFO - nb fold 9 > acc=0.607, est=0.645, cfg=OrderedDict({'var_smoothing': 0.0029757134630289256})
2025-10-02 08:42:15,801 - INFO - nb fold 10 > acc=0.613, est=0.614, cfg=OrderedDict({'var_smoothing': 0.05106133530537277})
2025-10-02 08:42:17,841 - INFO - nb fold 11 > acc=0.666, est=0.681, cfg=OrderedDict({'var_smoothing': 0.05106133530537277})
2025-10-02 08:42:21,574 - INFO - nb fold 12 > acc=0.614, est=0.634, cfg=OrderedDict({'var_smoothing': 0.05106133530537277})
2025-10-02 08:42:25,603 - INFO - dt fold 2 > acc=0.674, est=0.682, cfg=OrderedDict({'criterion': 'entropy', 'max_depth': 5, 'max_features': 0.43920268855647115, 'min_samples_leaf': 2, 'min_samples_split': 6, 'random_state': 1, 'splitter': 'best'})
2025-10-02 08:42:26,233 - INFO - nb fold 13 > acc=0.615, est=0.624, cfg=OrderedDict({'var_smoothing': 0.05106133530537277})
2025-10-02 08:42:29,930 - INFO - nb fold 14 > acc=0.615, est=0.613, cfg=OrderedDict({'var_smoothing': 0.05106133530537277})
2025-10-02 08:42:29,933 - INFO - lr fold 1 > acc=0.689, est=0.679, cfg=OrderedDict({'C': 15.766795169568434, 'fit_intercept': True, 'max_iter': 500, 'random_state': 1, 'solver': 'lbfgs'})
2025-10-02 08:42:33,377 - INFO - nb fold 15 > acc=0.592, est=0.636, cfg=OrderedDict({'var_smoothing': 0.05106133530537277})
2025-10-02 08:42:36,739 - INFO - nb fold 16 > acc=0.621, est=0.632, cfg=OrderedDict({'var_smoothing': 0.007928046473600696})
2025-10-02 08:42:37,421 - INFO - dt fold 3 > acc=0.672, est=0.680, cfg=OrderedDict({'criterion': 'entropy', 'max_depth': 3, 'max_features': 0.7928811003072659, 'min_samples_leaf': 4, 'min_samples_split': 6, 'random_state': 1, 'splitter': 'random'})
2025-10-02 08:42:39,311 - INFO - nb fold 17 > acc=0.634, est=0.655, cfg=OrderedDict({'var_smoothing': 7.038195949977948e-05})
2025-10-02 08:42:41,842 - INFO - nb fold 18 > acc=0.613, est=0.651, cfg=OrderedDict({'var_smoothing': 0.05106133530537277})
2025-10-02 08:42:44,535 - INFO - nb fold 19 > acc=0.704, est=0.645, cfg=OrderedDict({'var_smoothing': 0.05106133530537277})
2025-10-02 08:42:46,827 - INFO - nb fold 20 > acc=0.714, est=0.677, cfg=OrderedDict({'var_smoothing': 0.05106133530537277})
2025-10-02 08:42:50,047 - INFO - dt fold 4 > acc=0.675, est=0.679, cfg=OrderedDict({'criterion': 'entropy', 'max_depth': 6, 'max_features': 0.6416120797822377, 'min_samples_leaf': 4, 'min_samples_split': 4, 'random_state': 1, 'splitter': 'random'})
2025-10-02 08:42:50,731 - INFO - nb fold 21 > acc=0.634, est=0.661, cfg=OrderedDict({'var_smoothing': 0.05106133530537277})
2025-10-02 08:42:52,504 - INFO - lr fold 2 > acc=0.699, est=0.676, cfg=OrderedDict({'C': 15.766795169568434, 'fit_intercept': True, 'max_iter': 500, 'random_state': 1, 'solver': 'lbfgs'})
2025-10-02 08:42:54,365 - INFO - nb fold 22 > acc=0.622, est=0.654, cfg=OrderedDict({'var_smoothing': 0.05106133530537277})
2025-10-02 08:42:57,111 - INFO - nb fold 23 > acc=0.609, est=0.610, cfg=OrderedDict({'var_smoothing': 0.05106133530537277})
2025-10-02 08:43:00,495 - INFO - nb fold 24 > acc=0.642, est=0.658, cfg=OrderedDict({'var_smoothing': 0.0029757134630289256})
2025-10-02 08:43:01,465 - INFO - dt fold 5 > acc=0.677, est=0.686, cfg=OrderedDict({'criterion': 'entropy', 'max_depth': 6, 'max_features': 0.6416120797822377, 'min_samples_leaf': 4, 'min_samples_split': 4, 'random_state': 1, 'splitter': 'random'})
2025-10-02 08:43:02,868 - INFO - nb fold 25 > acc=0.723, est=0.660, cfg=OrderedDict({'var_smoothing': 0.05106133530537277})
2025-10-02 08:43:05,327 - INFO - nb fold 26 > acc=0.611, est=0.639, cfg=OrderedDict({'var_smoothing': 0.05106133530537277})
2025-10-02 08:43:07,684 - INFO - nb fold 27 > acc=0.598, est=0.624, cfg=OrderedDict({'var_smoothing': 0.05106133530537277})
2025-10-02 08:43:09,968 - INFO - nb fold 28 > acc=0.689, est=0.692, cfg=OrderedDict({'var_smoothing': 0.05106133530537277})
2025-10-02 08:43:13,879 - INFO - nb fold 29 > acc=0.602, est=0.625, cfg=OrderedDict({'var_smoothing': 0.00021076812497703017})
2025-10-02 08:43:14,148 - INFO - lr fold 3 > acc=0.679, est=0.681, cfg=OrderedDict({'C': 15.766795169568434, 'fit_intercept': True, 'max_iter': 500, 'random_state': 1, 'solver': 'lbfgs'})
2025-10-02 08:43:14,812 - INFO - dt fold 6 > acc=0.674, est=0.675, cfg=OrderedDict({'criterion': 'entropy', 'max_depth': 5, 'max_features': 0.43920268855647115, 'min_samples_leaf': 2, 'min_samples_split': 6, 'random_state': 1, 'splitter': 'best'})
2025-10-02 08:43:16,286 - INFO - nb fold 30 > acc=0.625, est=0.635, cfg=OrderedDict({'var_smoothing': 0.05106133530537277})
2025-10-02 08:43:19,269 - INFO - nb fold 31 > acc=0.599, est=0.643, cfg=OrderedDict({'var_smoothing': 0.05106133530537277})
2025-10-02 08:43:21,159 - INFO - nb fold 32 > acc=0.592, est=0.640, cfg=OrderedDict({'var_smoothing': 0.00021076812497703017})
2025-10-02 08:43:23,701 - INFO - nb fold 33 > acc=0.638, est=0.639, cfg=OrderedDict({'var_smoothing': 0.05106133530537277})
2025-10-02 08:43:24,688 - INFO - dt fold 7 > acc=0.684, est=0.685, cfg=OrderedDict({'criterion': 'entropy', 'max_depth': 3, 'max_features': 0.7928811003072659, 'min_samples_leaf': 4, 'min_samples_split': 6, 'random_state': 1, 'splitter': 'random'})
2025-10-02 08:43:26,743 - INFO - nb fold 34 > acc=0.717, est=0.690, cfg=OrderedDict({'var_smoothing': 0.05106133530537277})
2025-10-02 08:43:28,894 - INFO - nb fold 35 > acc=0.609, est=0.630, cfg=OrderedDict({'var_smoothing': 0.05106133530537277})
2025-10-02 08:43:32,258 - INFO - nb fold 36 > acc=0.604, est=0.632, cfg=OrderedDict({'var_smoothing': 0.05106133530537277})
2025-10-02 08:43:35,068 - INFO - dt fold 8 > acc=0.688, est=0.679, cfg=OrderedDict({'criterion': 'entropy', 'max_depth': 3, 'max_features': 0.7928811003072659, 'min_samples_leaf': 4, 'min_samples_split': 6, 'random_state': 1, 'splitter': 'random'})
2025-10-02 08:43:35,487 - INFO - lr fold 4 > acc=0.668, est=0.692, cfg=OrderedDict({'C': 15.766795169568434, 'fit_intercept': True, 'max_iter': 500, 'random_state': 1, 'solver': 'lbfgs'})
2025-10-02 08:43:36,255 - INFO - nb fold 37 > acc=0.668, est=0.668, cfg=OrderedDict({'var_smoothing': 0.00021076812497703017})
2025-10-02 08:43:38,984 - INFO - nb fold 38 > acc=0.711, est=0.637, cfg=OrderedDict({'var_smoothing': 0.05106133530537277})
2025-10-02 08:43:41,661 - INFO - nb fold 39 > acc=0.624, est=0.644, cfg=OrderedDict({'var_smoothing': 0.05106133530537277})
2025-10-02 08:43:45,213 - INFO - nb fold 40 > acc=0.600, est=0.638, cfg=OrderedDict({'var_smoothing': 0.00021076812497703017})
2025-10-02 08:43:46,490 - INFO - dt fold 9 > acc=0.648, est=0.698, cfg=OrderedDict({'criterion': 'entropy', 'max_depth': 6, 'max_features': 0.6416120797822377, 'min_samples_leaf': 4, 'min_samples_split': 4, 'random_state': 1, 'splitter': 'random'})
2025-10-02 08:43:48,743 - INFO - nb fold 41 > acc=0.692, est=0.720, cfg=OrderedDict({'var_smoothing': 0.007928046473600696})
2025-10-02 08:43:51,487 - INFO - nb fold 42 > acc=0.635, est=0.652, cfg=OrderedDict({'var_smoothing': 0.05106133530537277})
2025-10-02 08:43:55,168 - INFO - nb fold 43 > acc=0.624, est=0.643, cfg=OrderedDict({'var_smoothing': 0.00014191129358860486})
2025-10-02 08:43:57,559 - INFO - lr fold 5 > acc=0.673, est=0.678, cfg=OrderedDict({'C': 29.40759569948602, 'fit_intercept': True, 'max_iter': 500, 'random_state': 1, 'solver': 'liblinear'})
2025-10-02 08:43:58,483 - INFO - dt fold 10 > acc=0.683, est=0.689, cfg=OrderedDict({'criterion': 'entropy', 'max_depth': 6, 'max_features': 0.6416120797822377, 'min_samples_leaf': 4, 'min_samples_split': 4, 'random_state': 1, 'splitter': 'random'})
2025-10-02 08:43:59,007 - INFO - nb fold 44 > acc=0.620, est=0.630, cfg=OrderedDict({'var_smoothing': 0.00021076812497703017})
2025-10-02 08:44:01,627 - INFO - nb fold 45 > acc=0.671, est=0.665, cfg=OrderedDict({'var_smoothing': 0.05106133530537277})
2025-10-02 08:44:03,390 - INFO - nb fold 46 > acc=0.601, est=0.644, cfg=OrderedDict({'var_smoothing': 0.05106133530537277})
2025-10-02 08:44:05,620 - INFO - nb fold 47 > acc=0.624, est=0.630, cfg=OrderedDict({'var_smoothing': 0.05106133530537277})
2025-10-02 08:44:07,898 - INFO - nb fold 48 > acc=0.625, est=0.621, cfg=OrderedDict({'var_smoothing': 0.05106133530537277})
2025-10-02 08:44:10,937 - INFO - nb fold 49 > acc=0.691, est=0.610, cfg=OrderedDict({'var_smoothing': 0.05106133530537277})
2025-10-02 08:44:10,940 - INFO - nb - Mean Accuracy: 0.634, Mean Precision: 0.627, Mean Recall: 0.589, Mean F1: 0.565
2025-10-02 08:44:11,277 - INFO - nb - Results saved to d:\ML_AI\Hunting_for_exoplanets\notebooks\results\nb_Local.xlsx
2025-10-02 08:44:11,289 - INFO - Starting experiments for svm
2025-10-02 08:44:12,050 - INFO - dt fold 11 > acc=0.690, est=0.677, cfg=OrderedDict({'criterion': 'entropy', 'max_depth': 5, 'max_features': 0.43920268855647115, 'min_samples_leaf': 2, 'min_samples_split': 6, 'random_state': 1, 'splitter': 'best'})
2025-10-02 08:44:16,322 - INFO - lr fold 6 > acc=0.690, est=0.673, cfg=OrderedDict({'C': 15.766795169568434, 'fit_intercept': True, 'max_iter': 500, 'random_state': 1, 'solver': 'lbfgs'})
2025-10-02 08:44:25,893 - INFO - dt fold 12 > acc=0.692, est=0.683, cfg=OrderedDict({'criterion': 'entropy', 'max_depth': 6, 'max_features': 0.6416120797822377, 'min_samples_leaf': 4, 'min_samples_split': 4, 'random_state': 1, 'splitter': 'random'})
2025-10-02 08:44:42,579 - INFO - dt fold 13 > acc=0.688, est=0.673, cfg=OrderedDict({'criterion': 'entropy', 'max_depth': 6, 'max_features': 0.6416120797822377, 'min_samples_leaf': 4, 'min_samples_split': 4, 'random_state': 1, 'splitter': 'random'})
2025-10-02 08:44:46,195 - INFO - lr fold 7 > acc=0.687, est=0.675, cfg=OrderedDict({'C': 15.766795169568434, 'fit_intercept': True, 'max_iter': 500, 'random_state': 1, 'solver': 'lbfgs'})
2025-10-02 08:44:54,841 - INFO - dt fold 14 > acc=0.668, est=0.683, cfg=OrderedDict({'criterion': 'entropy', 'max_depth': 3, 'max_features': 0.7928811003072659, 'min_samples_leaf': 4, 'min_samples_split': 6, 'random_state': 1, 'splitter': 'random'})
2025-10-02 08:45:04,622 - INFO - dt fold 15 > acc=0.677, est=0.678, cfg=OrderedDict({'criterion': 'entropy', 'max_depth': 6, 'max_features': 0.6416120797822377, 'min_samples_leaf': 4, 'min_samples_split': 4, 'random_state': 1, 'splitter': 'random'})
2025-10-02 08:45:08,802 - INFO - lr fold 8 > acc=0.719, est=0.672, cfg=OrderedDict({'C': 42.415084333227796, 'fit_intercept': True, 'max_iter': 500, 'random_state': 1, 'solver': 'liblinear'})
2025-10-02 08:45:15,557 - INFO - dt fold 16 > acc=0.675, est=0.685, cfg=OrderedDict({'criterion': 'entropy', 'max_depth': 6, 'max_features': 0.6416120797822377, 'min_samples_leaf': 4, 'min_samples_split': 4, 'random_state': 1, 'splitter': 'random'})
2025-10-02 08:45:26,297 - INFO - dt fold 17 > acc=0.692, est=0.682, cfg=OrderedDict({'criterion': 'entropy', 'max_depth': 3, 'max_features': 0.7928811003072659, 'min_samples_leaf': 4, 'min_samples_split': 6, 'random_state': 1, 'splitter': 'random'})
2025-10-02 08:45:26,355 - INFO - svm fold 0 > acc=0.731, est=0.712, cfg=OrderedDict({'C': 0.6945928804189813, 'coef0': 0.518551750501925, 'degree': 5, 'gamma': 0.21769802280390396, 'kernel': 'poly', 'random_state': 1})
2025-10-02 08:45:30,233 - INFO - lr fold 9 > acc=0.673, est=0.687, cfg=OrderedDict({'C': 15.766795169568434, 'fit_intercept': True, 'max_iter': 500, 'random_state': 1, 'solver': 'lbfgs'})
2025-10-02 08:45:39,014 - INFO - dt fold 18 > acc=0.686, est=0.680, cfg=OrderedDict({'criterion': 'entropy', 'max_depth': 6, 'max_features': 0.6416120797822377, 'min_samples_leaf': 4, 'min_samples_split': 4, 'random_state': 1, 'splitter': 'random'})
2025-10-02 08:45:52,367 - INFO - dt fold 19 > acc=0.665, est=0.687, cfg=OrderedDict({'criterion': 'entropy', 'max_depth': 6, 'max_features': 0.6416120797822377, 'min_samples_leaf': 4, 'min_samples_split': 4, 'random_state': 1, 'splitter': 'random'})
2025-10-02 08:45:53,728 - INFO - lr fold 10 > acc=0.667, est=0.677, cfg=OrderedDict({'C': 29.40759569948602, 'fit_intercept': True, 'max_iter': 500, 'random_state': 1, 'solver': 'liblinear'})
2025-10-02 08:46:04,036 - INFO - dt fold 20 > acc=0.677, est=0.681, cfg=OrderedDict({'criterion': 'entropy', 'max_depth': 6, 'max_features': 0.6416120797822377, 'min_samples_leaf': 4, 'min_samples_split': 4, 'random_state': 1, 'splitter': 'random'})
2025-10-02 08:46:12,408 - INFO - dt fold 21 > acc=0.695, est=0.683, cfg=OrderedDict({'criterion': 'entropy', 'max_depth': 3, 'max_features': 0.7928811003072659, 'min_samples_leaf': 4, 'min_samples_split': 6, 'random_state': 1, 'splitter': 'random'})
2025-10-02 08:46:17,064 - INFO - lr fold 11 > acc=0.679, est=0.674, cfg=OrderedDict({'C': 15.766795169568434, 'fit_intercept': True, 'max_iter': 500, 'random_state': 1, 'solver': 'lbfgs'})
2025-10-02 08:46:26,408 - INFO - dt fold 22 > acc=0.680, est=0.684, cfg=OrderedDict({'criterion': 'entropy', 'max_depth': 3, 'max_features': 0.7928811003072659, 'min_samples_leaf': 4, 'min_samples_split': 6, 'random_state': 1, 'splitter': 'random'})
2025-10-02 08:46:33,254 - INFO - svm fold 1 > acc=0.725, est=0.715, cfg=OrderedDict({'C': 0.6945928804189813, 'coef0': 0.518551750501925, 'degree': 5, 'gamma': 0.21769802280390396, 'kernel': 'poly', 'random_state': 1})
2025-10-02 08:46:41,105 - INFO - dt fold 23 > acc=0.691, est=0.687, cfg=OrderedDict({'criterion': 'entropy', 'max_depth': 6, 'max_features': 0.6416120797822377, 'min_samples_leaf': 4, 'min_samples_split': 4, 'random_state': 1, 'splitter': 'random'})
2025-10-02 08:46:42,732 - INFO - lr fold 12 > acc=0.691, est=0.669, cfg=OrderedDict({'C': 29.40759569948602, 'fit_intercept': True, 'max_iter': 500, 'random_state': 1, 'solver': 'liblinear'})
2025-10-02 08:46:51,720 - INFO - dt fold 24 > acc=0.659, est=0.689, cfg=OrderedDict({'criterion': 'entropy', 'max_depth': 3, 'max_features': 0.7928811003072659, 'min_samples_leaf': 4, 'min_samples_split': 6, 'random_state': 1, 'splitter': 'random'})
2025-10-02 08:47:03,326 - INFO - dt fold 25 > acc=0.692, est=0.685, cfg=OrderedDict({'criterion': 'entropy', 'max_depth': 3, 'max_features': 0.7928811003072659, 'min_samples_leaf': 4, 'min_samples_split': 6, 'random_state': 1, 'splitter': 'random'})
2025-10-02 08:47:09,086 - INFO - lr fold 13 > acc=0.683, est=0.686, cfg=OrderedDict({'C': 15.766795169568434, 'fit_intercept': True, 'max_iter': 500, 'random_state': 1, 'solver': 'lbfgs'})
2025-10-02 08:47:19,995 - INFO - dt fold 26 > acc=0.695, est=0.680, cfg=OrderedDict({'criterion': 'entropy', 'max_depth': 3, 'max_features': 0.7928811003072659, 'min_samples_leaf': 4, 'min_samples_split': 6, 'random_state': 1, 'splitter': 'random'})
2025-10-02 08:47:36,634 - INFO - dt fold 27 > acc=0.682, est=0.682, cfg=OrderedDict({'criterion': 'entropy', 'max_depth': 6, 'max_features': 0.6416120797822377, 'min_samples_leaf': 4, 'min_samples_split': 4, 'random_state': 1, 'splitter': 'random'})
2025-10-02 08:47:40,140 - INFO - lr fold 14 > acc=0.675, est=0.677, cfg=OrderedDict({'C': 15.766795169568434, 'fit_intercept': True, 'max_iter': 500, 'random_state': 1, 'solver': 'lbfgs'})
2025-10-02 08:47:53,881 - INFO - dt fold 28 > acc=0.661, est=0.686, cfg=OrderedDict({'criterion': 'entropy', 'max_depth': 3, 'max_features': 0.7928811003072659, 'min_samples_leaf': 4, 'min_samples_split': 6, 'random_state': 1, 'splitter': 'random'})
2025-10-02 08:47:58,940 - INFO - svm fold 2 > acc=0.715, est=0.717, cfg=OrderedDict({'C': 0.6945928804189813, 'coef0': 0.518551750501925, 'degree': 5, 'gamma': 0.21769802280390396, 'kernel': 'poly', 'random_state': 1})
2025-10-02 08:48:01,710 - INFO - dt fold 29 > acc=0.688, est=0.686, cfg=OrderedDict({'criterion': 'entropy', 'max_depth': 6, 'max_features': 0.6416120797822377, 'min_samples_leaf': 4, 'min_samples_split': 4, 'random_state': 1, 'splitter': 'random'})
2025-10-02 08:48:03,944 - INFO - lr fold 15 > acc=0.680, est=0.679, cfg=OrderedDict({'C': 15.766795169568434, 'fit_intercept': True, 'max_iter': 500, 'random_state': 1, 'solver': 'lbfgs'})
2025-10-02 08:48:12,542 - INFO - dt fold 30 > acc=0.683, est=0.679, cfg=OrderedDict({'criterion': 'entropy', 'max_depth': 3, 'max_features': 0.7928811003072659, 'min_samples_leaf': 4, 'min_samples_split': 6, 'random_state': 1, 'splitter': 'random'})
2025-10-02 08:48:25,915 - INFO - dt fold 31 > acc=0.661, est=0.691, cfg=OrderedDict({'criterion': 'entropy', 'max_depth': 5, 'max_features': 0.43920268855647115, 'min_samples_leaf': 2, 'min_samples_split': 6, 'random_state': 1, 'splitter': 'best'})
2025-10-02 08:48:27,564 - INFO - lr fold 16 > acc=0.659, est=0.670, cfg=OrderedDict({'C': 0.3796571844055288, 'fit_intercept': False, 'max_iter': 500, 'random_state': 1, 'solver': 'liblinear'})
2025-10-02 08:48:36,895 - INFO - dt fold 32 > acc=0.671, est=0.680, cfg=OrderedDict({'criterion': 'entropy', 'max_depth': 5, 'max_features': 0.43920268855647115, 'min_samples_leaf': 2, 'min_samples_split': 6, 'random_state': 1, 'splitter': 'best'})
2025-10-02 08:48:47,210 - INFO - dt fold 33 > acc=0.675, est=0.678, cfg=OrderedDict({'criterion': 'entropy', 'max_depth': 5, 'max_features': 0.43920268855647115, 'min_samples_leaf': 2, 'min_samples_split': 6, 'random_state': 1, 'splitter': 'best'})
2025-10-02 08:48:48,518 - INFO - lr fold 17 > acc=0.686, est=0.675, cfg=OrderedDict({'C': 15.766795169568434, 'fit_intercept': True, 'max_iter': 500, 'random_state': 1, 'solver': 'lbfgs'})
2025-10-02 08:48:56,057 - INFO - dt fold 34 > acc=0.686, est=0.682, cfg=OrderedDict({'criterion': 'entropy', 'max_depth': 3, 'max_features': 0.7928811003072659, 'min_samples_leaf': 4, 'min_samples_split': 6, 'random_state': 1, 'splitter': 'random'})
2025-10-02 08:48:59,890 - INFO - svm fold 3 > acc=0.709, est=0.719, cfg=OrderedDict({'C': 0.6945928804189813, 'coef0': 0.518551750501925, 'degree': 5, 'gamma': 0.21769802280390396, 'kernel': 'poly', 'random_state': 1})
2025-10-02 08:49:06,092 - INFO - dt fold 35 > acc=0.689, est=0.679, cfg=OrderedDict({'criterion': 'entropy', 'max_depth': 6, 'max_features': 0.6416120797822377, 'min_samples_leaf': 4, 'min_samples_split': 4, 'random_state': 1, 'splitter': 'random'})
2025-10-02 08:49:08,980 - INFO - lr fold 18 > acc=0.691, est=0.672, cfg=OrderedDict({'C': 15.766795169568434, 'fit_intercept': True, 'max_iter': 500, 'random_state': 1, 'solver': 'lbfgs'})
2025-10-02 08:49:16,514 - INFO - dt fold 36 > acc=0.675, est=0.679, cfg=OrderedDict({'criterion': 'entropy', 'max_depth': 3, 'max_features': 0.7928811003072659, 'min_samples_leaf': 4, 'min_samples_split': 6, 'random_state': 1, 'splitter': 'random'})
2025-10-02 08:49:25,262 - INFO - dt fold 37 > acc=0.675, est=0.687, cfg=OrderedDict({'criterion': 'entropy', 'max_depth': 5, 'max_features': 0.43920268855647115, 'min_samples_leaf': 2, 'min_samples_split': 6, 'random_state': 1, 'splitter': 'best'})
2025-10-02 08:49:35,342 - INFO - dt fold 38 > acc=0.677, est=0.686, cfg=OrderedDict({'criterion': 'entropy', 'max_depth': 6, 'max_features': 0.6416120797822377, 'min_samples_leaf': 4, 'min_samples_split': 4, 'random_state': 1, 'splitter': 'random'})
2025-10-02 08:49:46,486 - INFO - dt fold 39 > acc=0.683, est=0.684, cfg=OrderedDict({'criterion': 'entropy', 'max_depth': 6, 'max_features': 0.6416120797822377, 'min_samples_leaf': 4, 'min_samples_split': 4, 'random_state': 1, 'splitter': 'random'})
2025-10-02 08:49:48,026 - INFO - lr fold 19 > acc=0.669, est=0.679, cfg=OrderedDict({'C': 5502.07329435664, 'fit_intercept': True, 'max_iter': 500, 'random_state': 1, 'solver': 'sag'})
2025-10-02 08:49:57,182 - INFO - dt fold 40 > acc=0.705, est=0.688, cfg=OrderedDict({'criterion': 'entropy', 'max_depth': 6, 'max_features': 0.6416120797822377, 'min_samples_leaf': 4, 'min_samples_split': 4, 'random_state': 1, 'splitter': 'random'})
2025-10-02 08:49:59,674 - INFO - svm fold 4 > acc=0.713, est=0.718, cfg=OrderedDict({'C': 0.6945928804189813, 'coef0': 0.518551750501925, 'degree': 5, 'gamma': 0.21769802280390396, 'kernel': 'poly', 'random_state': 1})
2025-10-02 08:50:05,530 - INFO - lr fold 20 > acc=0.690, est=0.665, cfg=OrderedDict({'C': 15.766795169568434, 'fit_intercept': True, 'max_iter': 500, 'random_state': 1, 'solver': 'lbfgs'})
2025-10-02 08:50:09,674 - INFO - dt fold 41 > acc=0.672, est=0.692, cfg=OrderedDict({'criterion': 'entropy', 'max_depth': 6, 'max_features': 0.6416120797822377, 'min_samples_leaf': 4, 'min_samples_split': 4, 'random_state': 1, 'splitter': 'random'})
2025-10-02 08:50:18,118 - INFO - knn fold 0 > acc=0.683, est=0.669, cfg=OrderedDict({'algorithm': 'brute', 'n_neighbors': 2, 'p': 4, 'weights': 'uniform'})
2025-10-02 08:50:19,604 - INFO - dt fold 42 > acc=0.693, est=0.679, cfg=OrderedDict({'criterion': 'entropy', 'max_depth': 6, 'max_features': 0.6416120797822377, 'min_samples_leaf': 4, 'min_samples_split': 4, 'random_state': 1, 'splitter': 'random'})
2025-10-02 08:50:26,761 - INFO - lr fold 21 > acc=0.692, est=0.674, cfg=OrderedDict({'C': 15.766795169568434, 'fit_intercept': True, 'max_iter': 500, 'random_state': 1, 'solver': 'lbfgs'})
2025-10-02 08:50:31,909 - INFO - dt fold 43 > acc=0.685, est=0.683, cfg=OrderedDict({'criterion': 'entropy', 'max_depth': 5, 'max_features': 0.43920268855647115, 'min_samples_leaf': 2, 'min_samples_split': 6, 'random_state': 1, 'splitter': 'best'})
2025-10-02 08:50:44,517 - INFO - dt fold 44 > acc=0.695, est=0.688, cfg=OrderedDict({'criterion': 'entropy', 'max_depth': 6, 'max_features': 0.6416120797822377, 'min_samples_leaf': 4, 'min_samples_split': 4, 'random_state': 1, 'splitter': 'random'})
2025-10-02 08:50:50,666 - INFO - lr fold 22 > acc=0.680, est=0.673, cfg=OrderedDict({'C': 15.766795169568434, 'fit_intercept': True, 'max_iter': 500, 'random_state': 1, 'solver': 'lbfgs'})
2025-10-02 08:51:01,483 - INFO - dt fold 45 > acc=0.688, est=0.689, cfg=OrderedDict({'criterion': 'entropy', 'max_depth': 5, 'max_features': 0.43920268855647115, 'min_samples_leaf': 2, 'min_samples_split': 6, 'random_state': 1, 'splitter': 'best'})
2025-10-02 08:51:10,763 - INFO - svm fold 5 > acc=0.708, est=0.721, cfg=OrderedDict({'C': 0.6945928804189813, 'coef0': 0.518551750501925, 'degree': 5, 'gamma': 0.21769802280390396, 'kernel': 'poly', 'random_state': 1})
2025-10-02 08:51:10,843 - INFO - dt fold 46 > acc=0.671, est=0.683, cfg=OrderedDict({'criterion': 'entropy', 'max_depth': 6, 'max_features': 0.6416120797822377, 'min_samples_leaf': 4, 'min_samples_split': 4, 'random_state': 1, 'splitter': 'random'})
2025-10-02 08:51:17,176 - INFO - lr fold 23 > acc=0.678, est=0.679, cfg=OrderedDict({'C': 15.766795169568434, 'fit_intercept': True, 'max_iter': 500, 'random_state': 1, 'solver': 'lbfgs'})
2025-10-02 08:51:27,752 - INFO - dt fold 47 > acc=0.680, est=0.688, cfg=OrderedDict({'criterion': 'entropy', 'max_depth': 5, 'max_features': 0.43920268855647115, 'min_samples_leaf': 2, 'min_samples_split': 6, 'random_state': 1, 'splitter': 'best'})
2025-10-02 08:51:48,801 - INFO - dt fold 48 > acc=0.701, est=0.688, cfg=OrderedDict({'criterion': 'entropy', 'max_depth': 5, 'max_features': 0.43920268855647115, 'min_samples_leaf': 2, 'min_samples_split': 6, 'random_state': 1, 'splitter': 'best'})
2025-10-02 08:51:52,895 - INFO - lr fold 24 > acc=0.681, est=0.681, cfg=OrderedDict({'C': 15.766795169568434, 'fit_intercept': True, 'max_iter': 500, 'random_state': 1, 'solver': 'lbfgs'})
2025-10-02 08:52:09,803 - INFO - dt fold 49 > acc=0.694, est=0.675, cfg=OrderedDict({'criterion': 'entropy', 'max_depth': 5, 'max_features': 0.43920268855647115, 'min_samples_leaf': 2, 'min_samples_split': 6, 'random_state': 1, 'splitter': 'best'})
2025-10-02 08:52:09,806 - INFO - dt - Mean Accuracy: 0.681, Mean Precision: 0.676, Mean Recall: 0.678, Mean F1: 0.675
2025-10-02 08:52:09,984 - INFO - dt - Results saved to d:\ML_AI\Hunting_for_exoplanets\notebooks\results\dt_Local.xlsx
2025-10-02 08:52:09,992 - INFO - Starting experiments for gpc
2025-10-02 08:52:26,072 - INFO - lr fold 25 > acc=0.708, est=0.665, cfg=OrderedDict({'C': 15.766795169568434, 'fit_intercept': True, 'max_iter': 500, 'random_state': 1, 'solver': 'lbfgs'})
2025-10-02 08:53:08,927 - INFO - lr fold 26 > acc=0.661, est=0.685, cfg=OrderedDict({'C': 15.766795169568434, 'fit_intercept': True, 'max_iter': 500, 'random_state': 1, 'solver': 'lbfgs'})
2025-10-02 08:53:12,476 - INFO - svm fold 6 > acc=0.724, est=0.715, cfg=OrderedDict({'C': 0.6945928804189813, 'coef0': 0.518551750501925, 'degree': 5, 'gamma': 0.21769802280390396, 'kernel': 'poly', 'random_state': 1})
2025-10-02 08:53:52,979 - INFO - lr fold 27 > acc=0.671, est=0.679, cfg=OrderedDict({'C': 15.766795169568434, 'fit_intercept': True, 'max_iter': 500, 'random_state': 1, 'solver': 'lbfgs'})
2025-10-02 08:54:30,226 - INFO - lr fold 28 > acc=0.665, est=0.674, cfg=OrderedDict({'C': 0.3796571844055288, 'fit_intercept': False, 'max_iter': 500, 'random_state': 1, 'solver': 'liblinear'})
2025-10-02 08:55:03,222 - INFO - lr fold 29 > acc=0.672, est=0.682, cfg=OrderedDict({'C': 15.766795169568434, 'fit_intercept': True, 'max_iter': 500, 'random_state': 1, 'solver': 'lbfgs'})
2025-10-02 08:55:10,660 - INFO - svm fold 7 > acc=0.717, est=0.714, cfg=OrderedDict({'C': 0.6945928804189813, 'coef0': 0.518551750501925, 'degree': 5, 'gamma': 0.21769802280390396, 'kernel': 'poly', 'random_state': 1})
2025-10-02 08:55:46,855 - INFO - lr fold 30 > acc=0.669, est=0.677, cfg=OrderedDict({'C': 29.40759569948602, 'fit_intercept': True, 'max_iter': 500, 'random_state': 1, 'solver': 'liblinear'})
2025-10-02 08:56:16,126 - INFO - lr fold 31 > acc=0.655, est=0.679, cfg=OrderedDict({'C': 15.766795169568434, 'fit_intercept': True, 'max_iter': 500, 'random_state': 1, 'solver': 'lbfgs'})
2025-10-02 08:56:49,399 - INFO - lr fold 32 > acc=0.699, est=0.676, cfg=OrderedDict({'C': 15.766795169568434, 'fit_intercept': True, 'max_iter': 500, 'random_state': 1, 'solver': 'lbfgs'})
2025-10-02 08:57:00,742 - INFO - svm fold 8 > acc=0.742, est=0.711, cfg=OrderedDict({'C': 0.6945928804189813, 'coef0': 0.518551750501925, 'degree': 5, 'gamma': 0.21769802280390396, 'kernel': 'poly', 'random_state': 1})
2025-10-02 08:57:22,724 - INFO - lr fold 33 > acc=0.686, est=0.675, cfg=OrderedDict({'C': 15.766795169568434, 'fit_intercept': True, 'max_iter': 500, 'random_state': 1, 'solver': 'lbfgs'})
2025-10-02 08:57:46,806 - INFO - lr fold 34 > acc=0.685, est=0.675, cfg=OrderedDict({'C': 15.766795169568434, 'fit_intercept': True, 'max_iter': 500, 'random_state': 1, 'solver': 'lbfgs'})
2025-10-02 08:58:15,315 - INFO - lr fold 35 > acc=0.691, est=0.680, cfg=OrderedDict({'C': 15.766795169568434, 'fit_intercept': True, 'max_iter': 500, 'random_state': 1, 'solver': 'lbfgs'})
2025-10-02 08:58:35,489 - INFO - svm fold 9 > acc=0.710, est=0.724, cfg=OrderedDict({'C': 0.6945928804189813, 'coef0': 0.518551750501925, 'degree': 5, 'gamma': 0.21769802280390396, 'kernel': 'poly', 'random_state': 1})
2025-10-02 08:58:48,288 - INFO - lr fold 36 > acc=0.676, est=0.679, cfg=OrderedDict({'C': 15.766795169568434, 'fit_intercept': True, 'max_iter': 500, 'random_state': 1, 'solver': 'lbfgs'})
2025-10-02 08:59:25,901 - INFO - lr fold 37 > acc=0.665, est=0.679, cfg=OrderedDict({'C': 15.766795169568434, 'fit_intercept': True, 'max_iter': 500, 'random_state': 1, 'solver': 'lbfgs'})
2025-10-02 08:59:54,130 - INFO - lr fold 38 > acc=0.695, est=0.677, cfg=OrderedDict({'C': 15.766795169568434, 'fit_intercept': True, 'max_iter': 500, 'random_state': 1, 'solver': 'lbfgs'})
2025-10-02 09:00:23,614 - INFO - svm fold 10 > acc=0.715, est=0.716, cfg=OrderedDict({'C': 0.6945928804189813, 'coef0': 0.518551750501925, 'degree': 5, 'gamma': 0.21769802280390396, 'kernel': 'poly', 'random_state': 1})
2025-10-02 09:00:26,230 - INFO - lr fold 39 > acc=0.698, est=0.681, cfg=OrderedDict({'C': 15.766795169568434, 'fit_intercept': True, 'max_iter': 500, 'random_state': 1, 'solver': 'lbfgs'})
2025-10-02 09:01:17,588 - INFO - lr fold 40 > acc=0.674, est=0.685, cfg=OrderedDict({'C': 15.766795169568434, 'fit_intercept': True, 'max_iter': 500, 'random_state': 1, 'solver': 'lbfgs'})
2025-10-02 09:01:42,546 - INFO - lr fold 41 > acc=0.681, est=0.675, cfg=OrderedDict({'C': 15.766795169568434, 'fit_intercept': True, 'max_iter': 500, 'random_state': 1, 'solver': 'lbfgs'})
2025-10-02 09:02:03,226 - INFO - svm fold 11 > acc=0.725, est=0.719, cfg=OrderedDict({'C': 0.6945928804189813, 'coef0': 0.518551750501925, 'degree': 5, 'gamma': 0.21769802280390396, 'kernel': 'poly', 'random_state': 1})
2025-10-02 09:02:04,396 - INFO - lr fold 42 > acc=0.681, est=0.672, cfg=OrderedDict({'C': 15.766795169568434, 'fit_intercept': True, 'max_iter': 500, 'random_state': 1, 'solver': 'lbfgs'})
2025-10-02 09:02:25,212 - INFO - knn fold 1 > acc=0.676, est=0.661, cfg=OrderedDict({'algorithm': 'brute', 'n_neighbors': 2, 'p': 4, 'weights': 'uniform'})
2025-10-02 09:02:34,827 - INFO - lr fold 43 > acc=0.687, est=0.683, cfg=OrderedDict({'C': 15.766795169568434, 'fit_intercept': True, 'max_iter': 500, 'random_state': 1, 'solver': 'lbfgs'})
2025-10-02 09:03:00,610 - INFO - lr fold 44 > acc=0.692, est=0.668, cfg=OrderedDict({'C': 15.766795169568434, 'fit_intercept': True, 'max_iter': 500, 'random_state': 1, 'solver': 'lbfgs'})
2025-10-02 09:03:21,717 - INFO - svm fold 12 > acc=0.742, est=0.710, cfg=OrderedDict({'C': 0.6945928804189813, 'coef0': 0.518551750501925, 'degree': 5, 'gamma': 0.21769802280390396, 'kernel': 'poly', 'random_state': 1})
2025-10-02 09:03:23,220 - INFO - gpc fold 0 > acc=0.738, est=0.711, cfg=OrderedDict({'max_iter_predict': 500, 'n_restarts_optimizer': 1, 'optimizer': 'fmin_l_bfgs_b', 'random_state': 1})
2025-10-02 09:03:24,250 - INFO - lr fold 45 > acc=0.694, est=0.676, cfg=OrderedDict({'C': 15.766795169568434, 'fit_intercept': True, 'max_iter': 500, 'random_state': 1, 'solver': 'lbfgs'})
2025-10-02 09:03:49,409 - INFO - lr fold 46 > acc=0.674, est=0.686, cfg=OrderedDict({'C': 15.766795169568434, 'fit_intercept': True, 'max_iter': 500, 'random_state': 1, 'solver': 'lbfgs'})
2025-10-02 09:04:19,311 - INFO - lr fold 47 > acc=0.675, est=0.669, cfg=OrderedDict({'C': 15.766795169568434, 'fit_intercept': True, 'max_iter': 500, 'random_state': 1, 'solver': 'lbfgs'})
2025-10-02 09:04:42,784 - INFO - lr fold 48 > acc=0.684, est=0.672, cfg=OrderedDict({'C': 15.766795169568434, 'fit_intercept': True, 'max_iter': 500, 'random_state': 1, 'solver': 'lbfgs'})
2025-10-02 09:04:48,671 - INFO - svm fold 13 > acc=0.722, est=0.717, cfg=OrderedDict({'C': 0.6945928804189813, 'coef0': 0.518551750501925, 'degree': 5, 'gamma': 0.21769802280390396, 'kernel': 'poly', 'random_state': 1})
2025-10-02 09:05:16,011 - INFO - lr fold 49 > acc=0.681, est=0.669, cfg=OrderedDict({'C': 15.766795169568434, 'fit_intercept': True, 'max_iter': 500, 'random_state': 1, 'solver': 'lbfgs'})
2025-10-02 09:05:16,014 - INFO - lr - Mean Accuracy: 0.682, Mean Precision: 0.672, Mean Recall: 0.663, Mean F1: 0.665
2025-10-02 09:05:16,244 - INFO - lr - Results saved to d:\ML_AI\Hunting_for_exoplanets\notebooks\results\lr_Local.xlsx
2025-10-02 09:05:16,249 - INFO - Starting experiments for mlp
2025-10-02 09:06:21,363 - INFO - svm fold 14 > acc=0.693, est=0.725, cfg=OrderedDict({'C': 0.6945928804189813, 'coef0': 0.518551750501925, 'degree': 5, 'gamma': 0.21769802280390396, 'kernel': 'poly', 'random_state': 1})
2025-10-02 09:08:01,715 - INFO - svm fold 15 > acc=0.728, est=0.718, cfg=OrderedDict({'C': 0.6945928804189813, 'coef0': 0.518551750501925, 'degree': 5, 'gamma': 0.21769802280390396, 'kernel': 'poly', 'random_state': 1})
2025-10-02 09:09:46,545 - INFO - svm fold 16 > acc=0.708, est=0.717, cfg=OrderedDict({'C': 0.6945928804189813, 'coef0': 0.518551750501925, 'degree': 5, 'gamma': 0.21769802280390396, 'kernel': 'poly', 'random_state': 1})
2025-10-02 09:11:47,607 - INFO - svm fold 17 > acc=0.724, est=0.714, cfg=OrderedDict({'C': 0.6945928804189813, 'coef0': 0.518551750501925, 'degree': 5, 'gamma': 0.21769802280390396, 'kernel': 'poly', 'random_state': 1})
2025-10-02 09:13:23,457 - INFO - svm fold 18 > acc=0.721, est=0.715, cfg=OrderedDict({'C': 0.6945928804189813, 'coef0': 0.518551750501925, 'degree': 5, 'gamma': 0.21769802280390396, 'kernel': 'poly', 'random_state': 1})
2025-10-02 09:13:42,151 - INFO - knn fold 2 > acc=0.659, est=0.674, cfg=OrderedDict({'algorithm': 'kd_tree', 'n_neighbors': 4, 'p': 3, 'weights': 'uniform'})
2025-10-02 09:13:56,932 - INFO - gpc fold 1 > acc=0.723, est=0.717, cfg=OrderedDict({'max_iter_predict': 500, 'n_restarts_optimizer': 1, 'optimizer': 'fmin_l_bfgs_b', 'random_state': 1})
2025-10-02 09:14:44,836 - INFO - svm fold 19 > acc=0.711, est=0.721, cfg=OrderedDict({'C': 0.6945928804189813, 'coef0': 0.518551750501925, 'degree': 5, 'gamma': 0.21769802280390396, 'kernel': 'poly', 'random_state': 1})
2025-10-02 09:15:58,597 - INFO - svm fold 20 > acc=0.730, est=0.714, cfg=OrderedDict({'C': 0.6945928804189813, 'coef0': 0.518551750501925, 'degree': 5, 'gamma': 0.21769802280390396, 'kernel': 'poly', 'random_state': 1})
2025-10-02 09:17:14,984 - INFO - svm fold 21 > acc=0.730, est=0.717, cfg=OrderedDict({'C': 0.6945928804189813, 'coef0': 0.518551750501925, 'degree': 5, 'gamma': 0.21769802280390396, 'kernel': 'poly', 'random_state': 1})
2025-10-02 09:18:13,782 - INFO - mlp fold 0 > acc=0.719, est=0.702, cfg=OrderedDict({'activation': 'logistic', 'hidden_layer_sizes': 76, 'max_iter': 5000, 'random_state': 1, 'solver': 'adam'})
2025-10-02 09:19:06,382 - INFO - svm fold 22 > acc=0.732, est=0.715, cfg=OrderedDict({'C': 0.6945928804189813, 'coef0': 0.518551750501925, 'degree': 5, 'gamma': 0.21769802280390396, 'kernel': 'poly', 'random_state': 1})
2025-10-02 09:21:17,195 - INFO - svm fold 23 > acc=0.706, est=0.720, cfg=OrderedDict({'C': 0.6945928804189813, 'coef0': 0.518551750501925, 'degree': 5, 'gamma': 0.21769802280390396, 'kernel': 'poly', 'random_state': 1})
2025-10-02 09:23:23,261 - INFO - svm fold 24 > acc=0.692, est=0.722, cfg=OrderedDict({'C': 0.6945928804189813, 'coef0': 0.518551750501925, 'degree': 5, 'gamma': 0.21769802280390396, 'kernel': 'poly', 'random_state': 1})
2025-10-02 09:24:04,017 - INFO - gpc fold 2 > acc=0.713, est=0.717, cfg=OrderedDict({'max_iter_predict': 500, 'n_restarts_optimizer': 1, 'optimizer': 'fmin_l_bfgs_b', 'random_state': 1})
2025-10-02 09:24:31,127 - INFO - knn fold 3 > acc=0.658, est=0.658, cfg=OrderedDict({'algorithm': 'kd_tree', 'n_neighbors': 4, 'p': 3, 'weights': 'uniform'})
2025-10-02 09:25:18,075 - INFO - svm fold 25 > acc=0.737, est=0.710, cfg=OrderedDict({'C': 0.6945928804189813, 'coef0': 0.518551750501925, 'degree': 5, 'gamma': 0.21769802280390396, 'kernel': 'poly', 'random_state': 1})
2025-10-02 09:27:18,203 - INFO - svm fold 26 > acc=0.718, est=0.715, cfg=OrderedDict({'C': 0.6945928804189813, 'coef0': 0.518551750501925, 'degree': 5, 'gamma': 0.21769802280390396, 'kernel': 'poly', 'random_state': 1})
2025-10-02 09:33:43,712 - INFO - svm fold 27 > acc=0.726, est=0.714, cfg=OrderedDict({'C': 0.6945928804189813, 'coef0': 0.518551750501925, 'degree': 5, 'gamma': 0.21769802280390396, 'kernel': 'poly', 'random_state': 1})
2025-10-02 09:35:19,891 - INFO - svm fold 28 > acc=0.707, est=0.721, cfg=OrderedDict({'C': 0.6945928804189813, 'coef0': 0.518551750501925, 'degree': 5, 'gamma': 0.21769802280390396, 'kernel': 'poly', 'random_state': 1})
2025-10-02 10:51:41,601 - INFO - svm fold 29 > acc=0.707, est=0.718, cfg=OrderedDict({'C': 0.6945928804189813, 'coef0': 0.518551750501925, 'degree': 5, 'gamma': 0.21769802280390396, 'kernel': 'poly', 'random_state': 1})
2025-10-02 10:51:58,215 - INFO - mlp fold 1 > acc=0.718, est=0.702, cfg=OrderedDict({'activation': 'logistic', 'hidden_layer_sizes': 76, 'max_iter': 5000, 'random_state': 1, 'solver': 'adam'})
2025-10-02 10:52:57,383 - INFO - svm fold 30 > acc=0.714, est=0.717, cfg=OrderedDict({'C': 0.6945928804189813, 'coef0': 0.518551750501925, 'degree': 5, 'gamma': 0.21769802280390396, 'kernel': 'poly', 'random_state': 1})
2025-10-02 10:53:18,727 - INFO - knn fold 4 > acc=0.649, est=0.660, cfg=OrderedDict({'algorithm': 'brute', 'n_neighbors': 2, 'p': 4, 'weights': 'uniform'})
2025-10-02 10:53:34,288 - INFO - gpc fold 3 > acc=0.707, est=0.723, cfg=OrderedDict({'max_iter_predict': 500, 'n_restarts_optimizer': 1, 'optimizer': 'fmin_l_bfgs_b', 'random_state': 1})
2025-10-02 10:54:06,211 - INFO - svm fold 31 > acc=0.710, est=0.718, cfg=OrderedDict({'C': 0.6945928804189813, 'coef0': 0.518551750501925, 'degree': 5, 'gamma': 0.21769802280390396, 'kernel': 'poly', 'random_state': 1})
2025-10-02 10:55:03,064 - INFO - svm fold 32 > acc=0.722, est=0.716, cfg=OrderedDict({'C': 0.6945928804189813, 'coef0': 0.518551750501925, 'degree': 5, 'gamma': 0.21769802280390396, 'kernel': 'poly', 'random_state': 1})
2025-10-02 10:55:46,872 - INFO - svm fold 33 > acc=0.716, est=0.713, cfg=OrderedDict({'C': 0.6945928804189813, 'coef0': 0.518551750501925, 'degree': 5, 'gamma': 0.21769802280390396, 'kernel': 'poly', 'random_state': 1})
2025-10-02 10:56:33,128 - INFO - svm fold 34 > acc=0.736, est=0.714, cfg=OrderedDict({'C': 0.6945928804189813, 'coef0': 0.518551750501925, 'degree': 5, 'gamma': 0.21769802280390396, 'kernel': 'poly', 'random_state': 1})
2025-10-02 10:57:19,458 - INFO - svm fold 35 > acc=0.736, est=0.712, cfg=OrderedDict({'C': 0.6945928804189813, 'coef0': 0.518551750501925, 'degree': 5, 'gamma': 0.21769802280390396, 'kernel': 'poly', 'random_state': 1})
2025-10-02 10:57:45,110 - INFO - mlp fold 2 > acc=0.710, est=0.704, cfg=OrderedDict({'activation': 'relu', 'hidden_layer_sizes': 47, 'max_iter': 5000, 'random_state': 1, 'solver': 'sgd'})
2025-10-02 10:59:07,699 - INFO - svm fold 36 > acc=0.718, est=0.719, cfg=OrderedDict({'C': 0.6945928804189813, 'coef0': 0.518551750501925, 'degree': 5, 'gamma': 0.21769802280390396, 'kernel': 'poly', 'random_state': 1})
2025-10-02 10:59:13,586 - INFO - gpc fold 4 > acc=0.704, est=0.719, cfg=OrderedDict({'max_iter_predict': 500, 'n_restarts_optimizer': 1, 'optimizer': 'fmin_l_bfgs_b', 'random_state': 1})
2025-10-02 10:59:30,211 - INFO - knn fold 5 > acc=0.672, est=0.669, cfg=OrderedDict({'algorithm': 'brute', 'n_neighbors': 2, 'p': 4, 'weights': 'uniform'})
2025-10-02 11:00:39,384 - INFO - svm fold 37 > acc=0.696, est=0.718, cfg=OrderedDict({'C': 0.6945928804189813, 'coef0': 0.518551750501925, 'degree': 5, 'gamma': 0.21769802280390396, 'kernel': 'poly', 'random_state': 1})
